[republicofpie.com/index5088.html]
[republicofpie.com/judge.me]
[republicofpie.com/index.html]
[republicofpie.com/cdn/shop/files/favicon-32x32_ROP576a.png]
[backblue.gif]
[fade.gif]
[index.html]
[republicofpie.com/cdn/shop/t/12/assets/constants3e95.js]
[republicofpie.com/cdn/shop/t/12/assets/pubsub8034.js]
[republicofpie.com/cdn/shop/t/12/assets/global631a.js]
[republicofpie.com/cdn/shop/t/12/assets/customcec6.js]
[republicofpie.com/checkouts/internal/preloadsc494.js]
[republicofpie.com/cdn/shopifycloud/storefront/assets/storefront/load_feature-81c60534.js]
[republicofpie.com/cdn/shopifycloud/portable-wallets/latest/portable-wallets.en.js]
[republicofpie.com/cdn/shopifycloud/shop-js/client.js]
[republicofpie.com/cdn/shop/t/12/compiled_assets/scripts6467.js]
[republicofpie.com/cdn/shopifycloud/portable-wallets/latest/accelerated-checkout-backwards-compat.css]
[republicofpie.com/cdn/fonts/montserrat/montserrat_n4.81949fa0ac9fd2021e16436151e8eaa53932163725eb.woff2]
[republicofpie.com/cdn/fonts/montserrat/montserrat_n4.a6c632ca7b62da89c3594789ba828388aac693fead70.woff]
[republicofpie.com/cdn/fonts/montserrat/montserrat_i7.a0d4a463df4f146567d871890ffb3c80408e77329580.woff2]
[republicofpie.com/cdn/fonts/montserrat/montserrat_i7.f6ec9f2a0681acc6f8152c40921d2a4d2e1a2c786ac3.woff]
[republicofpie.com/cdn/fonts/assistant/assistant_n4.9120912a469cad1cc292572851508ca49d12e768f0b6.woff2]
[republicofpie.com/cdn/fonts/assistant/assistant_n4.6e9875ce64e0fefcd3f4446b7ec9036b3ddd29858966.woff]
[republicofpie.com/cdn/shop/t/12/assets/base2d28.css]
[republicofpie.com/cdn/shop/t/12/assets/custom064e.css]
[republicofpie.com/cdn/shop/t/12/assets/component-predictive-searche1be.css]
[republicofpie.com/POST]
[republicofpie.com/cdn]
[republicofpie.com/cdn/s/trekkie.storefront.5a4f78eb26ea594ba1b5d72f179d68114c7cf8ca.min.js]
[republicofpie.com/cdn/shopifycloud/storefront/assets/shop_events_listener-8675b082.js]
[republicofpie.com/cdn/shopifycloud/perf-kit/shopify-perf-kit-2.0.0.min.js]
[republicofpie.com/cdn/shop/t/12/assets/component-list-menub394.css]
[republicofpie.com/cdn/shop/t/12/assets/component-search6eec.css]
[republicofpie.com/cdn/shop/t/12/assets/component-menu-drawerb605.css]
[republicofpie.com/cdn/shop/t/12/assets/component-cart-notification4691.css]
[republicofpie.com/cdn/shop/t/12/assets/component-cart-itemsa670.css]
[republicofpie.com/cdn/shop/t/12/assets/component-pricef45f.css]
[republicofpie.com/cdn/shop/t/12/assets/details-disclosurec609.js]
[republicofpie.com/cdn/shop/t/12/assets/details-modal5475.js]
[republicofpie.com/cdn/shop/t/12/assets/cart-notificationaf66.js]
[republicofpie.com/cdn/shop/t/12/assets/search-formd0c3.js]
[republicofpie.com/collections/pies.html]
[republicofpie.com/pages/north-hollywood.html]
[republicofpie.com/pages/gallery.html]
[republicofpie.com/pages/catering.html]
[republicofpie.com/pages/contact.html]
[republicofpie.com/cdn/shop/files/202205_ROP_LOGO_BADGE312e7.png]
[republicofpie.com/cdn/shop/t/12/assets/component-loading-spinner7565.css]
[republicofpie.com/cart.html]
[republicofpie.com/cdn/shop/t/12/assets/section-rich-textdcd0.css]
[republicofpie.com/collections/other-pies-baked-goods.html]
[republicofpie.com/cdn/shop/t/12/assets/component-image-with-textcc52.css]
[republicofpie.com/cdn/shop/files/Screenshot2025-07-03at1.16.55PM85c2.jpg]
[republicofpie.com/products/dubai-pie.html]
[republicofpie.com/cdn/shop/t/12/assets/component-card05c8.css]
[republicofpie.com/cdn/shop/t/12/assets/component-slidera83e.css]
[republicofpie.com/cdn/shop/t/12/assets/template-collectiona1db.css]
[republicofpie.com/cdn/shop/t/12/assets/component-ratingbfbf.css]
[republicofpie.com/cdn/shop/t/12/assets/component-volume-pricing4e0b.css]
[republicofpie.com/cdn/shop/files/ROP_BANANACREAMPIE_8126e720.png]
[republicofpie.com/cdn/shop/files/Blueberry_Piecab8.png]
[republicofpie.com/products/banana-cream-pie.html]
[republicofpie.com/cdn/shop/files/ROP_CHOCCREAMPIE_8171b128.jpg]
[republicofpie.com/products/blueberry-peach-pie.html]
[republicofpie.com/products/chocolate-cream-pie.html]
[republicofpie.com/cdn/shop/files/Creamy_berry_cheesecake633b.png]
[republicofpie.com/products/berry-cheesecake.html]
[republicofpie.com/cdn/shop/files/f600f7a2-2612-492e-a9f5-2d3fae442896c8d3.png]
[republicofpie.com/cdn/shop/files/6e4edbcb-ec4a-4672-8acb-330cfc9d02b45888.png]
[republicofpie.com/cdn/shop/files/downloaddf39.svg]
[republicofpie.com/cdn/shop/files/MAIN_PAGE_COFFEE6c47.png]
[republicofpie.com/cdn/shop/files/MAIN_PAGE_BAKERY524c.png]
[republicofpie.com/cdn/shop/files/MAIN_PAGE_BRUNCHdddb.png]
[republicofpie.com/cdn/shop/files/ROP_CHOCBANANACREAMPIE_8171fd28.jpg]
[republicofpie.com/products/chocolate-banana-cream-pie.html]
[republicofpie.com/cdn/shop/files/ROP_COCONUTCREAMPIE_8153c5bf.jpg]
[republicofpie.com/products/coconut-cream-pie.html]
[republicofpie.com/cdn/shop/files/ROP_COOKIESCREAMPIE_8106883c.jpg]
[republicofpie.com/products/cookies-cream-pie.html]
[republicofpie.com/cdn/shop/files/Screenshot2025-07-03at1.16.55PM2d1b.jpg]
[republicofpie.com/cdn/shop/files/Screenshot2025-07-03at1.07.30PM2d1b.jpg]
[republicofpie.com/cdn/shop/files/ROP_EARLGREYCREAMPIE_814000fb.jpg]
[republicofpie.com/products/earl-grey-cream-pie.html]
[republicofpie.com/cdn/shop/files/ROP_ESPRESSOALMONDPIE_81643b11.jpg]
[republicofpie.com/cdn/shop/files/ROP_KEYLIMEPIE_8037119e.jpg]
[republicofpie.com/products/espresso-almond-chocolate-pie.html]
[republicofpie.com/products/key-lime-pie.html]
[republicofpie.com/cdn/shop/files/NewProject_136789.png]
[republicofpie.com/products/lemon-meringue.html]
[republicofpie.com/cdn/shop/files/NewProjectc79f.png]
[republicofpie.com/cdn/shop/files/MiniPies_12f64.jpg]
[republicofpie.com/cdn/shop/files/ROP_PBCHOCOLATE_8031d95d.jpg]
[republicofpie.com/products/mini-pies.html]
[republicofpie.com/cdn/shop/files/Peanut_Butter_Chocolate_pieac9e.jpg]
[republicofpie.com/products/pb-chocolate-pie.html]
[republicofpie.com/cdn/shop/files/ROP_PUMPKINPIE_8031b0fd.jpg]
[republicofpie.com/products/pumpkin-pie.html]
[republicofpie.com/cdn/shop/files/ROP_CHERRY_8099d72f.jpg]
[republicofpie.com/products/cherry-pie.html]
[republicofpie.com/cdn/shop/files/ROP_APPLEPIE_80459b94.jpg]
[republicofpie.com/products/classic-apple-pie.html]
[republicofpie.com/cdn/shop/files/ROP_PEACHPIE_8031d569.jpg]
[republicofpie.com/cdn/shop/files/PeachCobblerd8bd.jpg]
[republicofpie.com/products/peach-cobbler.html]
[republicofpie.com/cdn/shop/files/ROP_MARIONBERRYPIE_80622a15.jpg]
[republicofpie.com/products/marionberry-pie.html]
[republicofpie.com/cdn/shop/files/ROP_STRAWBERRYRHUBARD_8064bbfd.jpg]
[republicofpie.com/products/strawberry-rhubarb-pie.html]
[republicofpie.com/cdn/shop/files/ROP_CHICKENPOTPIE_81063c2f.png]
[republicofpie.com/products/chicken-pot-pie.html]
[republicofpie.com/cdn/shop/files/FRANKENPIEaca0.png]
[republicofpie.com/cdn/shop/files/ROP_PECANPIE_80682743.jpg]
[republicofpie.com/products/frankenpie.html]
[republicofpie.com/products/pecan-pie.html]
[republicofpie.com/cdn/shop/files/ROP_THANKSGIVINGPIE_81069c41.png]
[republicofpie.com/products/thanksgiving-pot-pie.html]
[republicofpie.com/cdn/shop/files/ROP_TURKEYCHILIPIE_8106_4a4557dd-0f5b-4d5b-8497-ea6b9a4814d61bb9.png]
[republicofpie.com/cdn/shop/files/ROP_BACONCHEDDARQUICHEb159.jpg]
[republicofpie.com/products/turkey-chili-pie.html]
[republicofpie.com/products/bacon-cheddar-quiche.html]
[republicofpie.com/cdn/shop/files/ROP_SPINACHMUSHROOMQUICHE_8196f993.jpg]
[republicofpie.com/products/spinach-mushroom-quiche.html]
[republicofpie.com/cdn/shop/files/ROP_POTATOLEEKQUICHE_8202d5cc.jpg]
[republicofpie.com/products/potato-leek-quiche.html]
[republicofpie.com/cdn/shop/files/ROP_TURKEYCHILIPIE_8106e599.png]
[republicofpie.com/products/curryveggiepotpie.html]
[republicofpie.com/cdn/shop/files/Strawberry0707.png]
[republicofpie.com/cdn/shop/files/ROP_CHOCBANANABREAD_8192d55a.jpg]
[republicofpie.com/products/cheesecake-whole.html]
[republicofpie.com/products/chocolate-banana-bread-pudding.html]
[republicofpie.com/cdn/shop/files/Flaky_fruit_danishe46f.png]
[republicofpie.com/products/fruit-danish-6pcs.html]
[republicofpie.com/cdn/shop/files/Untitled-523f3.png]
[republicofpie.com/products/black-shirt-pacman.html]
[republicofpie.com/cdn/shop/files/Untitled-7fae0.png]
[republicofpie.com/products/black-sweater-smiley.html]
[republicofpie.com/cdn/shop/files/Tumbler8b17.jpg]
[republicofpie.com/products/rop-tumbler.html]
[republicofpie.com/cdn/shop/files/Untitled-63837.png]
[republicofpie.com/products/white-shirt-smiley.html]
[republicofpie.com/cdn/shop/t/12/assets/section-footer125e.css]
[republicofpie.com/cdn/shop/t/12/assets/component-newsletter3846.css]
[republicofpie.com/cdn/shop/t/12/assets/component-list-payment9c19.css]
[republicofpie.com/cdn/shop/t/12/assets/component-list-social2edf.css]
[republicofpie.com/cdn/shop/files/202205_ROP_LOGO_BADGE3_d2dbce02-822f-4b23-8c07-3f60f901a581dcb9.png]
[republicofpie.com/pages/location.html]
[republicofpie.com/policies/privacy-policy.html]
[republicofpie.com/policies/terms-of-service.html]
[republicofpie.com/pages/accessibility-statement.html]
[republicofpie.com/cdn/shop/t/12/assets/predictive-search9c08.js]
[republicofpie.com/cart.js]
[republicofpie.com/cart/update.js]
[republicofpie.com/cart/change.js]
[republicofpie.com/index5088.html]
[republicofpie.com/judge.html]
[republicofpie.com/index.html]
[republicofpie.com/cdn/shopifycloud/portable-wallets/latest/accelerated-checkout-backwards-compat.css]
[republicofpie.com/cdn/shop/t/12/assets/sparkle.gif]
[republicofpie.com/cdn/shop/t/12/assets/Anton-Regular.woff]
[republicofpie.com/cdn/shop/t/12/assets/DIN-Condensed-Bold.ttf]
[republicofpie.com/cdn/shop/t/12/assets/base2d28.css]
[republicofpie.com/cdn/shop/t/12/assets/custom064e.css]
[republicofpie.com/cdn/shop/t/12/assets/component-predictive-searche1be.css]
[republicofpie.com/POST.html]
[republicofpie.com/cdn.html]
[republicofpie.com/cdn/shop/t/12/assets/component-list-menub394.css]
[republicofpie.com/cdn/shop/t/12/assets/component-search6eec.css]
[republicofpie.com/cdn/shop/t/12/assets/component-menu-drawerb605.css]
[republicofpie.com/cdn/shop/t/12/assets/component-cart-notification4691.css]
[republicofpie.com/cdn/shop/t/12/assets/component-cart-itemsa670.css]
[republicofpie.com/cdn/shop/t/12/assets/component-pricef45f.css]
[republicofpie.com/collections/judge.me]
[republicofpie.com/collections/pies.atom]
[republicofpie.com/collections/pies.oembed]
[republicofpie.com/collections/POST]
[republicofpie.com/collections/pies.html]
[republicofpie.com/pages/judge.me]
[republicofpie.com/pages/POST]
[republicofpie.com/cdn/shop/files/N_HOLLYWOOD_1829b.png]
[republicofpie.com/cdn/shop/files/N_HOLLYWOOD_2a54b.png]
[republicofpie.com/pages/north-hollywood.html]
[republicofpie.com/pages/gallery.html]
[republicofpie.com/pages/catering.html]
[republicofpie.com/cdn/shop/files/CATERING_1fd86.png]
[republicofpie.com/cdn/shop/t/12/assets/section-contact-formf292.css]
[republicofpie.com/pages/contact.html]
[republicofpie.com/cdn/shop/t/12/assets/component-loading-spinner7565.css]
[republicofpie.com/cdn/shop/t/12/assets/component-cart2944.css]
[republicofpie.com/cdn/shop/t/12/assets/component-totalsafea.css]
[republicofpie.com/cdn/shop/t/12/assets/component-discountsed96.css]
[republicofpie.com/cdn/shop/t/12/assets/quantity-popovera04c.css]
[republicofpie.com/cdn/shop/t/12/assets/cartf639.js]
[republicofpie.com/cdn/shop/t/12/assets/quantity-popover8d32.js]
[republicofpie.com/cart.html]
[republicofpie.com/collections/all.html]
[republicofpie.com/Trident/index.html]
[republicofpie.com/collections/other-pies-baked-goods.atom]
[republicofpie.com/collections/other-pies-baked-goods.oembed]
[republicofpie.com/collections/other-pies-baked-goods.html]
[republicofpie.com/cdn/shop/t/12/assets/section-rich-textdcd0.css]
[republicofpie.com/cdn/shop/t/12/assets/component-image-with-textcc52.css]
[republicofpie.com/products/judge.me]
[republicofpie.com/cdn/shop/files/Screenshot2025-07-03at1.16.55PM111b.jpg]
[republicofpie.com/products/dubai-pie.oembed]
[republicofpie.com/products/POST]
[republicofpie.com/cdn/shop/t/12/assets/section-main-productb8a5.css]
[republicofpie.com/cdn/shop/t/12/assets/component-accordion687b.css]
[republicofpie.com/cdn/shop/t/12/assets/component-deferred-media93d9.css]
[republicofpie.com/cdn/shop/t/12/assets/product-info8412.js]
[republicofpie.com/cdn/shop/t/12/assets/product-form51f7.js]
[republicofpie.com/cdn/shop/t/12/assets/magnifyc35d.js]
[republicofpie.com/cdn/shop/files/Screenshot2025-07-03at1.16.55PMaa84.jpg]
[republicofpie.com/cdn/shop/files/Screenshot2025-07-03at1.07.30PMaa84.jpg]
[republicofpie.com/cdn/shop/files/IMG_5730aa84.jpg]
[republicofpie.com/cdn/shop/files/Screenshot2025-07-03at1.16.55PMaaf4.jpg]
[republicofpie.com/cdn/shop/files/Screenshot2025-07-03at1.07.30PMaaf4.jpg]
[republicofpie.com/cdn/shop/files/IMG_5730aaf4.jpg]
[republicofpie.com/cdn/shop/t/12/assets/component-pickup-availabilityd487.css]
[republicofpie.com/cdn/shop/t/12/assets/pickup-availability249f.js]
[republicofpie.com/cdn/shop/files/Screenshot2025-07-03at1.16.55PM437e.jpg]
[republicofpie.com/cdn/shop/files/Screenshot2025-07-03at1.07.30PM437e.jpg]
[republicofpie.com/cdn/shop/files/IMG_5730437e.jpg]
[republicofpie.com/cdn/shop/t/12/assets/product-modal9b9b.js]
[republicofpie.com/cdn/shop/t/12/assets/media-gallery95e1.js]
[republicofpie.com/cdn/shop/t/12/assets/collapsible-content1a46.css]
[republicofpie.com/products/Trident/index.html]
[republicofpie.com/cdn/shop/t/12/assets/section-related-products7a82.css]
[republicofpie.com/products/dubai-pie.html]
[republicofpie.com/cdn/shop/t/12/assets/component-card05c8.css]
[republicofpie.com/cdn/shop/t/12/assets/component-slidera83e.css]
[republicofpie.com/cdn/shop/t/12/assets/template-collectiona1db.css]
[republicofpie.com/cdn/shop/t/12/assets/component-ratingbfbf.css]
[republicofpie.com/cdn/shop/t/12/assets/component-volume-pricing4e0b.css]
[republicofpie.com/cdn/shop/files/ROP_BANANACREAMPIE_8126be1a.png]
[republicofpie.com/products/banana-cream-pie.oembed]
[republicofpie.com/cdn/shop/files/ROP_BANANACREAMPIE_8126cc3a.png]
[republicofpie.com/cdn/shop/files/ROP_BANANACREAMPIE_8126984c.png]
[republicofpie.com/products/banana-cream-pie.html]
[republicofpie.com/cdn/shop/files/Blueberry_Pie923c.png]
[republicofpie.com/products/blueberry-peach-pie.oembed]
[republicofpie.com/cdn/shop/files/Blueberry_Pie7ece.png]
[republicofpie.com/cdn/shop/files/Blueberry_Pieeceb.png]
[republicofpie.com/products/blueberry-peach-pie.html]
[republicofpie.com/cdn/shop/files/ROP_CHOCCREAMPIE_81719851.jpg]
[republicofpie.com/products/chocolate-cream-pie.oembed]
[republicofpie.com/cdn/shop/files/ROP_CHOCCREAMPIE_8171d9ac.jpg]
[republicofpie.com/cdn/shop/files/ROP_CHOCCREAMPIE_817199aa.jpg]
[republicofpie.com/products/chocolate-cream-pie.html]
[republicofpie.com/cdn/shop/files/Creamy_berry_cheesecake88c1.png]
[republicofpie.com/products/berry-cheesecake.oembed]
[republicofpie.com/cdn/shop/files/Creamy_berry_cheesecake51c9.png]
[republicofpie.com/cdn/shop/files/Creamy_berry_cheesecake7ce8.png]
[republicofpie.com/products/berry-cheesecake.html]
[republicofpie.com/cdn/shop/files/downloaddf39.svg]
[republicofpie.com/cdn/shop/files/ROP_CHOCBANANACREAMPIE_8171527c.jpg]
[republicofpie.com/products/chocolate-banana-cream-pie.oembed]
[republicofpie.com/cdn/shop/files/ROP_CHOCBANANACREAMPIE_8171b37d.jpg]
[republicofpie.com/cdn/shop/files/ROP_CHOCBANANACREAMPIE_81714597.jpg]
[republicofpie.com/products/chocolate-banana-cream-pie.html]
[republicofpie.com/cdn/shop/files/ROP_COCONUTCREAMPIE_8153c955.jpg]
[republicofpie.com/products/coconut-cream-pie.oembed]
[republicofpie.com/cdn/shop/files/ROP_COCONUTCREAMPIE_8153414a.jpg]
[republicofpie.com/cdn/shop/files/ROP_COCONUTCREAMPIE_81537c68.jpg]
[republicofpie.com/products/coconut-cream-pie.html]
[republicofpie.com/cdn/shop/files/ROP_COOKIESCREAMPIE_81067585.jpg]
[republicofpie.com/products/cookies-cream-pie.oembed]
[republicofpie.com/cdn/shop/files/ROP_COOKIESCREAMPIE_8106ed68.jpg]
[republicofpie.com/cdn/shop/files/ROP_COOKIESCREAMPIE_8106cc24.jpg]
[republicofpie.com/products/cookies-cream-pie.html]
[republicofpie.com/cdn/shop/files/ROP_EARLGREYCREAMPIE_81401172.jpg]
[republicofpie.com/products/earl-grey-cream-pie.oembed]
[republicofpie.com/cdn/shop/files/ROP_EARLGREYCREAMPIE_81407cb0.jpg]
[republicofpie.com/cdn/shop/files/ROP_EARLGREYCREAMPIE_8140c6a2.jpg]
[republicofpie.com/products/earl-grey-cream-pie.html]
[republicofpie.com/cdn/shop/files/ROP_ESPRESSOALMONDPIE_8164d4e7.jpg]
[republicofpie.com/products/espresso-almond-chocolate-pie.oembed]
[republicofpie.com/cdn/shop/files/ROP_ESPRESSOALMONDPIE_816432e7.jpg]
[republicofpie.com/cdn/shop/files/ROP_ESPRESSOALMONDPIE_81640f34.jpg]
[republicofpie.com/products/espresso-almond-chocolate-pie.html]
[republicofpie.com/cdn/shop/files/ROP_KEYLIMEPIE_80373a3c.jpg]
[republicofpie.com/products/key-lime-pie.oembed]
[republicofpie.com/cdn/shop/files/ROP_KEYLIMEPIE_803773c8.jpg]
[republicofpie.com/cdn/shop/files/ROP_KEYLIMEPIE_803763fd.jpg]
[republicofpie.com/products/key-lime-pie.html]
[republicofpie.com/cdn/shop/files/NewProject_130f0e.png]
[republicofpie.com/products/lemon-meringue.oembed]
[republicofpie.com/cdn/shop/files/NewProject_13064b.png]
[republicofpie.com/cdn/shop/files/NewProject_136dfd.png]
[republicofpie.com/products/lemon-meringue.html]
[republicofpie.com/cdn/shop/files/NewProjectd789.png]
[republicofpie.com/products/mini-pies.oembed]
[republicofpie.com/cdn/shop/files/NewProject794b.png]
[republicofpie.com/cdn/shop/files/MiniPies_1a86f.jpg]
[republicofpie.com/cdn/shop/files/NewProjectde57.png]
[republicofpie.com/cdn/shop/files/MiniPies_12341.jpg]
[republicofpie.com/cdn/shop/files/NewProject7c4d.png]
[republicofpie.com/cdn/shop/files/MiniPies_1f128.jpg]
[republicofpie.com/products/mini-pies.html]
[republicofpie.com/cdn/shop/files/ROP_PBCHOCOLATE_8031bba7.jpg]
[republicofpie.com/products/pb-chocolate-pie.oembed]
[republicofpie.com/cdn/shop/files/ROP_PBCHOCOLATE_80311427.jpg]
[republicofpie.com/cdn/shop/files/Peanut_Butter_Chocolate_pie00ef.jpg]
[republicofpie.com/cdn/shop/files/ROP_PBCHOCOLATE_8031a38e.jpg]
[republicofpie.com/cdn/shop/files/Peanut_Butter_Chocolate_piecc38.jpg]
[republicofpie.com/cdn/shop/files/ROP_PBCHOCOLATE_8031bd69.jpg]
[republicofpie.com/cdn/shop/files/Peanut_Butter_Chocolate_pie6682.jpg]
[republicofpie.com/products/pb-chocolate-pie.html]
[republicofpie.com/cdn/shop/files/ROP_PUMPKINPIE_80311ece.jpg]
[republicofpie.com/products/pumpkin-pie.oembed]
[republicofpie.com/cdn/shop/files/ROP_PUMPKINPIE_80311a10.jpg]
[republicofpie.com/cdn/shop/files/ROP_PUMPKINPIE_803168af.jpg]
[republicofpie.com/products/pumpkin-pie.html]
[republicofpie.com/cdn/shop/files/ROP_CHERRY_8099d67d.jpg]
[republicofpie.com/products/cherry-pie.oembed]
[republicofpie.com/cdn/shop/files/ROP_CHERRY_8099c1b3.jpg]
[republicofpie.com/cdn/shop/files/ROP_CHERRY_80996b37.jpg]
[republicofpie.com/products/cherry-pie.html]
[republicofpie.com/cdn/shop/files/ROP_APPLEPIE_80450966.jpg]
[republicofpie.com/products/classic-apple-pie.oembed]
[republicofpie.com/cdn/shop/files/ROP_APPLEPIE_80459d60.jpg]
[republicofpie.com/cdn/shop/files/ROP_APPLEPIE_80454e32.jpg]
[republicofpie.com/products/classic-apple-pie.html]
[republicofpie.com/cdn/shop/files/ROP_PEACHPIE_80315809.jpg]
[republicofpie.com/products/peach-cobbler.oembed]
[republicofpie.com/cdn/shop/files/ROP_PEACHPIE_803167f8.jpg]
[republicofpie.com/cdn/shop/files/PeachCobbler99c0.jpg]
[republicofpie.com/cdn/shop/files/ROP_PEACHPIE_80315efa.jpg]
[republicofpie.com/cdn/shop/files/PeachCobbler2688.jpg]
[republicofpie.com/cdn/shop/files/ROP_PEACHPIE_80315565.jpg]
[republicofpie.com/cdn/shop/files/PeachCobbler20c7.jpg]
[republicofpie.com/products/peach-cobbler.html]
[republicofpie.com/cdn/shop/files/ROP_MARIONBERRYPIE_80627bb1.jpg]
[republicofpie.com/products/marionberry-pie.oembed]
[republicofpie.com/cdn/shop/files/ROP_MARIONBERRYPIE_8062cd38.jpg]
[republicofpie.com/cdn/shop/files/ROP_MARIONBERRYPIE_8062ece1.jpg]
[republicofpie.com/products/marionberry-pie.html]
[republicofpie.com/cdn/shop/files/ROP_STRAWBERRYRHUBARD_80644648.jpg]
[republicofpie.com/products/strawberry-rhubarb-pie.oembed]
[republicofpie.com/cdn/shop/files/ROP_STRAWBERRYRHUBARD_8064d389.jpg]
[republicofpie.com/cdn/shop/files/ROP_STRAWBERRYRHUBARD_80644f1b.jpg]
[republicofpie.com/products/strawberry-rhubarb-pie.html]
[republicofpie.com/cdn/shop/files/ROP_CHICKENPOTPIE_81061b88.png]
[republicofpie.com/products/chicken-pot-pie.oembed]
[republicofpie.com/cdn/shop/files/ROP_CHICKENPOTPIE_810686e1.png]
[republicofpie.com/cdn/shop/files/ROP_CHICKENPOTPIE_81065807.png]
[republicofpie.com/products/chicken-pot-pie.html]
[republicofpie.com/cdn/shop/files/FRANKENPIE4fff.png]
[republicofpie.com/products/frankenpie.oembed]
[republicofpie.com/cdn/shop/files/FRANKENPIEae83.png]
[republicofpie.com/cdn/shop/files/FRANKENPIE6920.png]
[republicofpie.com/products/frankenpie.html]
[republicofpie.com/cdn/shop/files/ROP_PECANPIE_8068d4b9.jpg]
[republicofpie.com/products/pecan-pie.oembed]
[republicofpie.com/cdn/shop/files/ROP_PECANPIE_806834c0.jpg]
[republicofpie.com/cdn/shop/files/ROP_PECANPIE_8068e82f.jpg]
[republicofpie.com/products/pecan-pie.html]
[republicofpie.com/cdn/shop/files/ROP_THANKSGIVINGPIE_8106e170.png]
[republicofpie.com/products/thanksgiving-pot-pie.oembed]
[republicofpie.com/cdn/shop/files/ROP_THANKSGIVINGPIE_81062162.png]
[republicofpie.com/cdn/shop/files/ROP_THANKSGIVINGPIE_81063870.png]
[republicofpie.com/products/thanksgiving-pot-pie.html]
[republicofpie.com/cdn/shop/files/ROP_TURKEYCHILIPIE_8106_4a4557dd-0f5b-4d5b-8497-ea6b9a4814d6c7da.png]
[republicofpie.com/products/turkey-chili-pie.oembed]
[republicofpie.com/cdn/shop/files/ROP_TURKEYCHILIPIE_8106_4a4557dd-0f5b-4d5b-8497-ea6b9a4814d6229b.png]
[republicofpie.com/cdn/shop/files/ROP_TURKEYCHILIPIE_8106_4a4557dd-0f5b-4d5b-8497-ea6b9a4814d6bea0.png]
[republicofpie.com/products/turkey-chili-pie.html]
[republicofpie.com/cdn/shop/files/ROP_BACONCHEDDARQUICHEb76e.jpg]
[republicofpie.com/products/bacon-cheddar-quiche.oembed]
[republicofpie.com/cdn/shop/files/ROP_BACONCHEDDARQUICHEe8b8.jpg]
[republicofpie.com/cdn/shop/files/ROP_BACONCHEDDARQUICHE2fd4.jpg]
[republicofpie.com/products/bacon-cheddar-quiche.html]
[republicofpie.com/cdn/shop/files/ROP_SPINACHMUSHROOMQUICHE_81962561.jpg]
[republicofpie.com/products/spinach-mushroom-quiche.oembed]
[republicofpie.com/cdn/shop/files/ROP_SPINACHMUSHROOMQUICHE_81967a0e.jpg]
[republicofpie.com/cdn/shop/files/ROP_SPINACHMUSHROOMQUICHE_81964637.jpg]
[republicofpie.com/products/spinach-mushroom-quiche.html]
[republicofpie.com/cdn/shop/files/ROP_POTATOLEEKQUICHE_8202f1d9.jpg]
[republicofpie.com/products/potato-leek-quiche.oembed]
[republicofpie.com/cdn/shop/files/ROP_POTATOLEEKQUICHE_820282d0.jpg]
[republicofpie.com/cdn/shop/files/ROP_POTATOLEEKQUICHE_8202d779.jpg]
[republicofpie.com/products/potato-leek-quiche.html]
[republicofpie.com/cdn/shop/files/ROP_TURKEYCHILIPIE_81065c18.png]
[republicofpie.com/products/curryveggiepotpie.oembed]
[republicofpie.com/cdn/shop/files/ROP_TURKEYCHILIPIE_8106deb1.png]
[republicofpie.com/cdn/shop/files/ROP_TURKEYCHILIPIE_81067eec.png]
[republicofpie.com/products/curryveggiepotpie.html]
[republicofpie.com/cdn/shop/files/Strawberryc747.png]
[republicofpie.com/products/cheesecake-whole.oembed]
[republicofpie.com/cdn/shop/files/Strawberrybd67.png]
[republicofpie.com/cdn/shop/files/Strawberryedfd.png]
[republicofpie.com/products/cheesecake-whole.html]
[republicofpie.com/cdn/shop/files/ROP_CHOCBANANABREAD_81927a2a.jpg]
[republicofpie.com/products/chocolate-banana-bread-pudding.oembed]
[republicofpie.com/cdn/shop/files/ROP_CHOCBANANABREAD_8192d45a.jpg]
[republicofpie.com/cdn/shop/files/ROP_CHOCBANANABREAD_81929004.jpg]
[republicofpie.com/products/chocolate-banana-bread-pudding.html]
[republicofpie.com/cdn/shop/files/Flaky_fruit_danish65e5.png]
[republicofpie.com/products/fruit-danish-6pcs.oembed]
[republicofpie.com/cdn/shop/files/Flaky_fruit_danishe395.png]
[republicofpie.com/cdn/shop/files/Flaky_fruit_danish1d72.png]
[republicofpie.com/products/fruit-danish-6pcs.html]
[republicofpie.com/cdn/shop/files/Untitled-52589.png]
[republicofpie.com/products/black-shirt-pacman.oembed]
[republicofpie.com/cdn/shop/files/Untitled-54b3d.png]
[republicofpie.com/cdn/shop/files/Untitled-5c979.png]
[republicofpie.com/products/black-shirt-pacman.html]
[republicofpie.com/cdn/shop/files/Untitled-7c9c3.png]
[republicofpie.com/products/black-sweater-smiley.oembed]
[republicofpie.com/cdn/shop/files/Untitled-71817.png]
[republicofpie.com/cdn/shop/files/Untitled-75aa3.png]
[republicofpie.com/products/black-sweater-smiley.html]
[republicofpie.com/cdn/shop/files/Tumbler4fd3.jpg]
[republicofpie.com/products/rop-tumbler.oembed]
[republicofpie.com/cdn/shop/files/Tumbler336a.jpg]
[republicofpie.com/cdn/shop/files/Tumbler6481.jpg]
[republicofpie.com/products/rop-tumbler.html]
[republicofpie.com/cdn/shop/files/Untitled-6d6b7.png]
[republicofpie.com/products/white-shirt-smiley.oembed]
[republicofpie.com/cdn/shop/files/Untitled-62e5a.png]
[republicofpie.com/cdn/shop/files/Untitled-64ab8.png]
[republicofpie.com/products/white-shirt-smiley.html]
[republicofpie.com/cdn/shop/t/12/assets/section-footer125e.css]
[republicofpie.com/cdn/shop/t/12/assets/component-newsletter3846.css]
[republicofpie.com/cdn/shop/t/12/assets/component-list-payment9c19.css]
[republicofpie.com/cdn/shop/t/12/assets/component-list-social2edf.css]
[republicofpie.com/cdn/shop/files/LOCATION_N_HOLLYWOOD_ca236e79-42a5-460b-992a-262c6696070cbf7a.png]
[republicofpie.com/pages/location.html]
[republicofpie.com/policies/judge.me]
[republicofpie.com/cdn/shopifycloud/storefront/assets/storefront/policy-dba6c8e0.css]
[republicofpie.com/policies/POST]
[republicofpie.com/policies/privacy-policy.html]
[republicofpie.com/policies/terms-of-service.html]
[republicofpie.com/cdn/shop/t/12/assets/section-main-pagedee3.css]
[republicofpie.com/pages/accessibility-statement.html]
[republicofpie.com/cart/change.js]
[republicofpie.com/cdn/shop/t/12/assets/Anton-Regular.html]
[republicofpie.com/cdn/shop/t/12/assets/DIN-Condensed-Bold.html]
[republicofpie.com/collections/judge.me]
[republicofpie.com/collections/POST.html]
[republicofpie.com/pages/judge.me]
[republicofpie.com/pages/POST.html]
[republicofpie.com/cdn/shop/t/12/assets/section-contact-formf292.css]
[republicofpie.com/cdn/shop/t/12/assets/component-cart2944.css]
[republicofpie.com/cdn/shop/t/12/assets/component-totalsafea.css]
[republicofpie.com/cdn/shop/t/12/assets/component-discountsed96.css]
[republicofpie.com/cdn/shop/t/12/assets/quantity-popovera04c.css]
[republicofpie.com/collections/all.atom]
[republicofpie.com/collections/all.html]
[republicofpie.com/Trident/index.html]
[republicofpie.com/products/judge.me]
[republicofpie.com/products/POST.html]
[republicofpie.com/cdn/shop/t/12/assets/section-main-productb8a5.css]
[republicofpie.com/cdn/shop/t/12/assets/component-accordion687b.css]
[republicofpie.com/cdn/shop/t/12/assets/component-deferred-media93d9.css]
[republicofpie.com/cdn/shop/t/12/assets/component-pickup-availabilityd487.css]
[republicofpie.com/products/Trident/index.html]
[republicofpie.com/cdn/shop/t/12/assets/collapsible-content1a46.css]
[republicofpie.com/cdn/shop/t/12/assets/section-related-products7a82.css]
[republicofpie.com/policies/judge.me]
[republicofpie.com/cdn/shopifycloud/storefront/assets/storefront/policy-dba6c8e0.css]
[republicofpie.com/policies/POST.html]
[republicofpie.com/cdn/shop/t/12/assets/section-main-pagedee3.css]
